Mon Apr 27 20:25:30 UTC 2026
Mon Apr 27 20:48:16 UTC 2026
Mon Apr 27 21:18:18 UTC 2026
Mon Apr 27 22:42:26 UTC 2026
Tue Apr 28 03:26:10 UTC 2026
Tue Apr 28 05:21:48 UTC 2026
Tue Apr 28 06:35:02 UTC 2026
Tue Apr 28 08:31:21 UTC 2026
Tue Apr 28 10:17:31 UTC 2026
Tue Apr 28 11:30:34 UTC 2026
Tue Apr 28 14:12:24 UTC 2026
Tue Apr 28 16:09:38 UTC 2026
Tue Apr 28 17:47:33 UTC 2026
Tue Apr 28 19:44:50 UTC 2026
Tue Apr 28 20:57:35 UTC 2026
Tue Apr 28 22:48:41 UTC 2026
Wed Apr 29 03:24:24 UTC 2026
Wed Apr 29 05:18:02 UTC 2026
Wed Apr 29 06:29:40 UTC 2026
Wed Apr 29 08:25:08 UTC 2026
Wed Apr 29 10:08:29 UTC 2026
Wed Apr 29 11:23:00 UTC 2026
Wed Apr 29 14:02:14 UTC 2026
Wed Apr 29 15:57:48 UTC 2026
Wed Apr 29 17:40:23 UTC 2026
Wed Apr 29 19:40:48 UTC 2026
Wed Apr 29 20:50:21 UTC 2026
Wed Apr 29 22:50:51 UTC 2026
Thu Apr 30 03:25:21 UTC 2026
Thu Apr 30 05:21:38 UTC 2026
Thu Apr 30 06:33:14 UTC 2026
Thu Apr 30 08:27:52 UTC 2026
Thu Apr 30 10:09:00 UTC 2026
Thu Apr 30 11:22:15 UTC 2026
Thu Apr 30 14:01:04 UTC 2026
Thu Apr 30 15:48:36 UTC 2026
Thu Apr 30 17:22:33 UTC 2026
Thu Apr 30 19:26:46 UTC 2026
Thu Apr 30 20:49:07 UTC 2026
Thu Apr 30 22:43:59 UTC 2026
Fri May  1 03:35:28 UTC 2026
Fri May  1 05:33:55 UTC 2026
Fri May  1 06:41:28 UTC 2026
Fri May  1 08:19:00 UTC 2026
Fri May  1 09:48:55 UTC 2026
Fri May  1 11:00:03 UTC 2026
Fri May  1 13:22:40 UTC 2026
Fri May  1 15:00:22 UTC 2026
Fri May  1 16:58:14 UTC 2026
Fri May  1 19:16:03 UTC 2026
Fri May  1 20:40:16 UTC 2026
Fri May  1 22:41:55 UTC 2026
Sat May  2 02:51:30 UTC 2026
Sat May  2 04:51:06 UTC 2026
Sat May  2 06:13:10 UTC 2026
Sat May  2 07:50:23 UTC 2026
Sat May  2 09:10:02 UTC 2026
Sat May  2 10:40:07 UTC 2026
Sat May  2 13:16:17 UTC 2026
Sat May  2 14:53:26 UTC 2026
Sat May  2 16:50:43 UTC 2026
Sat May  2 19:03:15 UTC 2026
Sat May  2 20:29:57 UTC 2026
Sat May  2 22:32:26 UTC 2026
Sun May  3 03:27:14 UTC 2026
Sun May  3 05:21:01 UTC 2026
Sun May  3 06:31:42 UTC 2026
Sun May  3 08:05:52 UTC 2026
Sun May  3 09:23:28 UTC 2026
Sun May  3 10:43:05 UTC 2026
Sun May  3 13:15:14 UTC 2026
Sun May  3 14:53:22 UTC 2026
Sun May  3 16:52:44 UTC 2026
Sun May  3 19:03:28 UTC 2026
Sun May  3 20:30:45 UTC 2026
Sun May  3 22:32:59 UTC 2026
Mon May  4 03:25:39 UTC 2026
Mon May  4 05:23:57 UTC 2026
Mon May  4 06:46:00 UTC 2026
Mon May  4 08:35:02 UTC 2026
Mon May  4 10:16:18 UTC 2026
Mon May  4 11:30:31 UTC 2026
Mon May  4 14:05:42 UTC 2026
Mon May  4 16:03:54 UTC 2026
Mon May  4 17:42:00 UTC 2026
Mon May  4 19:43:35 UTC 2026
Mon May  4 20:57:04 UTC 2026
Mon May  4 22:50:08 UTC 2026
Tue May  5 02:52:48 UTC 2026
Tue May  5 04:52:21 UTC 2026
Tue May  5 06:23:47 UTC 2026
Tue May  5 08:17:01 UTC 2026
Tue May  5 10:05:27 UTC 2026
Tue May  5 11:08:35 UTC 2026
Tue May  5 13:59:21 UTC 2026
Tue May  5 15:55:29 UTC 2026
Tue May  5 17:28:21 UTC 2026
Tue May  5 19:24:55 UTC 2026
Tue May  5 20:51:34 UTC 2026
Tue May  5 22:49:37 UTC 2026
Wed May  6 03:22:39 UTC 2026
Wed May  6 05:19:05 UTC 2026
Wed May  6 06:35:55 UTC 2026
Wed May  6 10:21:18 UTC 2026
Wed May  6 11:42:51 UTC 2026
Wed May  6 14:18:27 UTC 2026
Wed May  6 16:03:20 UTC 2026
Wed May  6 17:41:42 UTC 2026
Wed May  6 19:49:14 UTC 2026
Wed May  6 21:00:55 UTC 2026
Wed May  6 22:41:59 UTC 2026
Thu May  7 03:23:45 UTC 2026
Thu May  7 05:22:01 UTC 2026
Thu May  7 06:43:53 UTC 2026
Thu May  7 08:40:01 UTC 2026
Thu May  7 10:26:37 UTC 2026
Thu May  7 11:41:34 UTC 2026
Thu May  7 14:14:04 UTC 2026
Thu May  7 16:08:27 UTC 2026
Thu May  7 17:48:42 UTC 2026
Thu May  7 19:45:09 UTC 2026
Thu May  7 20:56:08 UTC 2026
Thu May  7 22:54:34 UTC 2026
Fri May  8 03:20:58 UTC 2026
Fri May  8 04:47:40 UTC 2026
Fri May  8 06:03:15 UTC 2026
Fri May  8 07:47:07 UTC 2026
Fri May  8 09:25:33 UTC 2026
Fri May  8 11:01:09 UTC 2026
Fri May  8 13:53:29 UTC 2026
Fri May  8 15:27:21 UTC 2026
Fri May  8 17:19:07 UTC 2026
Fri May  8 19:22:29 UTC 2026
Fri May  8 20:44:39 UTC 2026
Fri May  8 22:48:28 UTC 2026
Sat May  9 02:57:39 UTC 2026
Sat May  9 05:00:09 UTC 2026
Sat May  9 06:22:22 UTC 2026
Sat May  9 08:01:21 UTC 2026
Sat May  9 09:22:03 UTC 2026
Sat May  9 10:44:50 UTC 2026
Sat May  9 13:21:28 UTC 2026
Sat May  9 14:56:19 UTC 2026
Sat May  9 16:56:28 UTC 2026
Sat May  9 19:05:52 UTC 2026
Sat May  9 20:33:04 UTC 2026
Sat May  9 22:35:08 UTC 2026
Sun May 10 03:30:20 UTC 2026
Sun May 10 05:28:25 UTC 2026
Sun May 10 06:38:38 UTC 2026
Sun May 10 08:12:30 UTC 2026
Sun May 10 09:39:51 UTC 2026
Sun May 10 10:52:21 UTC 2026
Sun May 10 13:22:23 UTC 2026
Sun May 10 14:57:54 UTC 2026
Sun May 10 16:57:10 UTC 2026
Sun May 10 19:08:14 UTC 2026
Sun May 10 20:35:57 UTC 2026
Sun May 10 22:38:12 UTC 2026
Mon May 11 03:41:39 UTC 2026
Mon May 11 05:49:44 UTC 2026
Mon May 11 07:50:29 UTC 2026
Mon May 11 09:48:52 UTC 2026
Mon May 11 11:26:35 UTC 2026
Mon May 11 12:33:50 UTC 2026
Mon May 11 14:57:46 UTC 2026
Mon May 11 16:34:43 UTC 2026
Mon May 11 17:54:56 UTC 2026
Mon May 11 19:50:58 UTC 2026
Mon May 11 21:08:49 UTC 2026
Mon May 11 22:46:24 UTC 2026
Tue May 12 03:28:45 UTC 2026
Tue May 12 05:30:36 UTC 2026
Tue May 12 06:41:24 UTC 2026
Tue May 12 08:46:08 UTC 2026
Tue May 12 10:34:16 UTC 2026
Tue May 12 11:46:00 UTC 2026
Tue May 12 14:29:14 UTC 2026
Tue May 12 16:23:07 UTC 2026
Tue May 12 17:59:59 UTC 2026
Tue May 12 19:56:39 UTC 2026
Tue May 12 21:08:58 UTC 2026
Tue May 12 22:53:03 UTC 2026
Wed May 13 03:36:39 UTC 2026
Wed May 13 05:40:07 UTC 2026
Wed May 13 06:52:31 UTC 2026
Wed May 13 08:49:39 UTC 2026
Wed May 13 10:31:07 UTC 2026
Wed May 13 11:53:27 UTC 2026
Wed May 13 14:38:45 UTC 2026
Wed May 13 16:23:29 UTC 2026
Wed May 13 18:02:27 UTC 2026
Wed May 13 19:58:24 UTC 2026
Wed May 13 21:14:51 UTC 2026
Wed May 13 22:59:03 UTC 2026
Thu May 14 03:36:03 UTC 2026
Thu May 14 05:39:21 UTC 2026
Thu May 14 06:50:04 UTC 2026
Thu May 14 08:42:45 UTC 2026
Thu May 14 10:21:14 UTC 2026
Thu May 14 11:42:02 UTC 2026
Thu May 14 14:18:11 UTC 2026
Thu May 14 16:11:08 UTC 2026
Thu May 14 17:50:48 UTC 2026
Thu May 14 19:48:55 UTC 2026
Thu May 14 21:01:50 UTC 2026
Thu May 14 22:50:28 UTC 2026
Fri May 15 03:39:01 UTC 2026
Fri May 15 05:45:38 UTC 2026
Fri May 15 07:29:17 UTC 2026
Fri May 15 08:53:57 UTC 2026
Fri May 15 10:26:57 UTC 2026
Fri May 15 11:45:52 UTC 2026
Fri May 15 14:10:44 UTC 2026
Fri May 15 16:05:01 UTC 2026
Fri May 15 17:28:15 UTC 2026
Fri May 15 19:41:57 UTC 2026
Fri May 15 20:48:58 UTC 2026
Fri May 15 22:45:46 UTC 2026
Sat May 16 03:23:28 UTC 2026
Sat May 16 05:18:33 UTC 2026
Sat May 16 06:27:29 UTC 2026
Sat May 16 08:09:31 UTC 2026
Sat May 16 09:42:49 UTC 2026
Sat May 16 10:53:04 UTC 2026
Sat May 16 13:26:02 UTC 2026
Sat May 16 15:00:29 UTC 2026
Sat May 16 16:59:11 UTC 2026
Sat May 16 19:08:08 UTC 2026
Sat May 16 20:36:42 UTC 2026
Sat May 16 22:38:00 UTC 2026
Sun May 17 03:37:49 UTC 2026
Sun May 17 05:40:10 UTC 2026
Sun May 17 06:48:52 UTC 2026
Sun May 17 08:25:38 UTC 2026
Sun May 17 09:48:57 UTC 2026
Sun May 17 10:57:44 UTC 2026
Sun May 17 13:24:21 UTC 2026
Sun May 17 15:00:43 UTC 2026
Sun May 17 16:57:47 UTC 2026
Sun May 17 19:12:49 UTC 2026
Sun May 17 20:38:10 UTC 2026
Sun May 17 22:44:45 UTC 2026
Mon May 18 03:52:29 UTC 2026
Mon May 18 06:02:54 UTC 2026
Mon May 18 08:10:41 UTC 2026
Mon May 18 10:13:01 UTC 2026
Mon May 18 11:46:10 UTC 2026
Mon May 18 12:58:32 UTC 2026
Mon May 18 15:36:42 UTC 2026
Mon May 18 16:49:09 UTC 2026
Mon May 18 18:01:10 UTC 2026
Mon May 18 19:47:22 UTC 2026
Mon May 18 21:01:00 UTC 2026
Mon May 18 22:52:08 UTC 2026
Tue May 19 03:43:01 UTC 2026
Tue May 19 05:57:44 UTC 2026
Tue May 19 07:52:45 UTC 2026
Tue May 19 09:53:44 UTC 2026
Tue May 19 11:22:01 UTC 2026
Tue May 19 12:33:13 UTC 2026
Tue May 19 15:28:16 UTC 2026
Tue May 19 16:51:08 UTC 2026
Tue May 19 18:06:39 UTC 2026
Tue May 19 19:54:15 UTC 2026
Tue May 19 21:10:18 UTC 2026
Tue May 19 22:57:49 UTC 2026
Wed May 20 03:44:12 UTC 2026
Wed May 20 05:56:35 UTC 2026
Wed May 20 07:51:56 UTC 2026
Wed May 20 09:41:41 UTC 2026
Wed May 20 10:53:19 UTC 2026
Wed May 20 12:13:55 UTC 2026
Wed May 20 15:24:44 UTC 2026
Wed May 20 16:55:42 UTC 2026
Wed May 20 18:18:55 UTC 2026
Wed May 20 20:20:52 UTC 2026
Wed May 20 21:29:01 UTC 2026
Wed May 20 23:06:15 UTC 2026
Thu May 21 03:55:25 UTC 2026
Thu May 21 06:00:42 UTC 2026
Thu May 21 07:58:54 UTC 2026
Thu May 21 09:50:31 UTC 2026
Thu May 21 11:28:32 UTC 2026
Thu May 21 12:37:55 UTC 2026
Thu May 21 15:32:03 UTC 2026
Thu May 21 16:40:33 UTC 2026
Thu May 21 17:59:28 UTC 2026
Thu May 21 19:56:27 UTC 2026
Thu May 21 21:20:36 UTC 2026
Thu May 21 22:58:19 UTC 2026
Fri May 22 03:51:51 UTC 2026
Fri May 22 05:56:38 UTC 2026
Fri May 22 07:50:23 UTC 2026
Fri May 22 09:35:16 UTC 2026
Fri May 22 10:53:15 UTC 2026
Fri May 22 12:11:08 UTC 2026
Fri May 22 14:42:41 UTC 2026
Fri May 22 16:28:34 UTC 2026
Fri May 22 17:52:10 UTC 2026
Fri May 22 19:50:13 UTC 2026
Fri May 22 21:01:49 UTC 2026
Fri May 22 22:51:13 UTC 2026
Sat May 23 03:27:51 UTC 2026
Sat May 23 05:32:04 UTC 2026
Sat May 23 06:38:59 UTC 2026
Sat May 23 08:24:37 UTC 2026
Sat May 23 09:56:10 UTC 2026
Sat May 23 11:03:04 UTC 2026
Sat May 23 13:39:08 UTC 2026
Sat May 23 15:04:47 UTC 2026
Sat May 23 16:59:53 UTC 2026
Sat May 23 19:13:56 UTC 2026
Sat May 23 20:37:36 UTC 2026
Sat May 23 22:43:48 UTC 2026
Sun May 24 03:49:12 UTC 2026
Sun May 24 05:52:37 UTC 2026
Sun May 24 07:26:07 UTC 2026
Sun May 24 08:34:12 UTC 2026
Sun May 24 09:57:19 UTC 2026
Sun May 24 11:05:32 UTC 2026
Sun May 24 13:39:05 UTC 2026
Sun May 24 15:09:01 UTC 2026
Sun May 24 17:02:52 UTC 2026
Sun May 24 19:20:14 UTC 2026
Sun May 24 20:41:10 UTC 2026
Sun May 24 22:50:12 UTC 2026
Mon May 25 04:00:32 UTC 2026
Mon May 25 06:15:57 UTC 2026
Mon May 25 08:25:36 UTC 2026
Mon May 25 10:17:10 UTC 2026
Mon May 25 11:54:29 UTC 2026
Mon May 25 12:54:48 UTC 2026
Mon May 25 14:56:26 UTC 2026
Mon May 25 16:24:50 UTC 2026
Mon May 25 17:44:10 UTC 2026
Mon May 25 19:43:35 UTC 2026
Mon May 25 20:55:58 UTC 2026
Mon May 25 22:53:09 UTC 2026
Tue May 26 03:43:16 UTC 2026
Tue May 26 05:57:31 UTC 2026
Tue May 26 07:56:11 UTC 2026
Tue May 26 10:03:35 UTC 2026
Tue May 26 15:35:48 UTC 2026
Tue May 26 17:28:08 UTC 2026
Tue May 26 18:26:32 UTC 2026
Tue May 26 20:11:05 UTC 2026
Tue May 26 21:26:31 UTC 2026
Tue May 26 23:02:47 UTC 2026
Wed May 27 04:00:04 UTC 2026
Wed May 27 06:07:37 UTC 2026
Wed May 27 08:08:28 UTC 2026
Wed May 27 10:00:59 UTC 2026
Wed May 27 15:49:01 UTC 2026
Wed May 27 17:23:00 UTC 2026
Wed May 27 18:26:52 UTC 2026
Wed May 27 20:21:19 UTC 2026
Wed May 27 21:43:27 UTC 2026
Wed May 27 23:11:09 UTC 2026
Thu May 28 03:48:27 UTC 2026
Thu May 28 06:00:33 UTC 2026
Thu May 28 08:06:13 UTC 2026
Thu May 28 10:10:53 UTC 2026
Thu May 28 11:40:17 UTC 2026
Thu May 28 13:00:00 UTC 2026
Thu May 28 16:01:26 UTC 2026
Thu May 28 17:35:39 UTC 2026
Thu May 28 18:37:04 UTC 2026
Thu May 28 20:26:43 UTC 2026
Thu May 28 21:49:08 UTC 2026
Thu May 28 23:07:49 UTC 2026
Fri May 29 03:50:00 UTC 2026
Fri May 29 06:02:59 UTC 2026
Fri May 29 08:03:12 UTC 2026
Fri May 29 09:59:52 UTC 2026
Fri May 29 11:31:56 UTC 2026
Fri May 29 12:38:17 UTC 2026
Fri May 29 15:38:23 UTC 2026
Fri May 29 17:36:04 UTC 2026
Fri May 29 18:33:27 UTC 2026
Fri May 29 20:28:51 UTC 2026
Fri May 29 21:30:29 UTC 2026
Fri May 29 23:05:58 UTC 2026
Sat May 30 03:35:35 UTC 2026
Sat May 30 05:39:33 UTC 2026
Sat May 30 06:51:33 UTC 2026
Sat May 30 08:32:30 UTC 2026
Sat May 30 10:02:30 UTC 2026
Sat May 30 11:10:18 UTC 2026
Sat May 30 13:42:16 UTC 2026
Sat May 30 15:12:56 UTC 2026
Sat May 30 17:05:36 UTC 2026
Sat May 30 19:19:54 UTC 2026
Sat May 30 20:42:22 UTC 2026
Sat May 30 22:51:14 UTC 2026
Sun May 31 04:01:43 UTC 2026
Sun May 31 06:07:13 UTC 2026
Sun May 31 07:49:17 UTC 2026
Sun May 31 08:51:24 UTC 2026
Sun May 31 10:17:47 UTC 2026
Sun May 31 11:24:51 UTC 2026
Sun May 31 13:47:57 UTC 2026
Sun May 31 15:19:28 UTC 2026
Sun May 31 17:06:31 UTC 2026
Sun May 31 19:20:02 UTC 2026
Sun May 31 20:45:51 UTC 2026
Sun May 31 22:52:35 UTC 2026
Mon Jun  1 04:15:54 UTC 2026
Mon Jun  1 06:44:31 UTC 2026
Mon Jun  1 09:31:32 UTC 2026
Mon Jun  1 11:42:56 UTC 2026
Mon Jun  1 13:39:50 UTC 2026
Mon Jun  1 15:45:42 UTC 2026
Mon Jun  1 17:43:59 UTC 2026
Mon Jun  1 19:21:51 UTC 2026
Mon Jun  1 20:17:34 UTC 2026
Mon Jun  1 21:35:24 UTC 2026
Mon Jun  1 22:28:24 UTC 2026
Mon Jun  1 23:21:51 UTC 2026
Tue Jun  2 04:09:20 UTC 2026
Tue Jun  2 06:26:32 UTC 2026
Tue Jun  2 08:41:37 UTC 2026
Tue Jun  2 10:43:10 UTC 2026
Tue Jun  2 12:06:08 UTC 2026
Tue Jun  2 13:46:21 UTC 2026
Tue Jun  2 16:28:36 UTC 2026
Tue Jun  2 18:06:46 UTC 2026
Tue Jun  2 19:41:25 UTC 2026
Tue Jun  2 20:52:07 UTC 2026
Tue Jun  2 22:15:26 UTC 2026
Tue Jun  2 23:28:55 UTC 2026
Wed Jun  3 04:19:13 UTC 2026
Wed Jun  3 06:43:13 UTC 2026
Wed Jun  3 08:59:25 UTC 2026
Wed Jun  3 11:06:57 UTC 2026
Wed Jun  3 12:43:53 UTC 2026
Wed Jun  3 14:19:27 UTC 2026
Wed Jun  3 16:52:27 UTC 2026
Wed Jun  3 18:24:01 UTC 2026
Wed Jun  3 19:50:13 UTC 2026
Wed Jun  3 20:57:57 UTC 2026
Wed Jun  3 22:22:24 UTC 2026
Wed Jun  3 23:27:52 UTC 2026
Thu Jun  4 04:13:09 UTC 2026
Thu Jun  4 06:26:59 UTC 2026
Thu Jun  4 08:23:54 UTC 2026
Thu Jun  4 10:01:30 UTC 2026
Thu Jun  4 11:17:04 UTC 2026
Thu Jun  4 12:36:29 UTC 2026
Thu Jun  4 15:19:12 UTC 2026
Thu Jun  4 16:55:56 UTC 2026
Thu Jun  4 18:17:03 UTC 2026
Thu Jun  4 20:08:38 UTC 2026
Thu Jun  4 21:21:34 UTC 2026
Thu Jun  4 23:02:40 UTC 2026
Fri Jun  5 03:57:18 UTC 2026
Fri Jun  5 06:11:25 UTC 2026
Fri Jun  5 08:11:39 UTC 2026
Fri Jun  5 09:58:52 UTC 2026
Fri Jun  5 11:30:13 UTC 2026
Fri Jun  5 12:29:42 UTC 2026
Fri Jun  5 14:54:58 UTC 2026
Fri Jun  5 16:31:18 UTC 2026
Fri Jun  5 17:55:47 UTC 2026
Fri Jun  5 19:57:51 UTC 2026
Fri Jun  5 21:15:06 UTC 2026
Fri Jun  5 22:59:28 UTC 2026
Sat Jun  6 03:39:38 UTC 2026
Sat Jun  6 05:45:14 UTC 2026
Sat Jun  6 06:57:01 UTC 2026
Sat Jun  6 08:38:39 UTC 2026
Sat Jun  6 10:06:27 UTC 2026
Sat Jun  6 11:14:30 UTC 2026
Sat Jun  6 13:47:18 UTC 2026
Sat Jun  6 15:19:13 UTC 2026
Sat Jun  6 17:15:36 UTC 2026
Sat Jun  6 19:26:26 UTC 2026
Sat Jun  6 20:52:56 UTC 2026
Sat Jun  6 22:56:35 UTC 2026
Sun Jun  7 04:07:03 UTC 2026
Sun Jun  7 06:12:34 UTC 2026
Sun Jun  7 07:58:16 UTC 2026
Sun Jun  7 09:19:45 UTC 2026
Sun Jun  7 10:30:41 UTC 2026
Sun Jun  7 11:41:09 UTC 2026
Sun Jun  7 13:56:32 UTC 2026
Sun Jun  7 15:25:24 UTC 2026
Sun Jun  7 17:17:04 UTC 2026
Sun Jun  7 19:25:53 UTC 2026
Sun Jun  7 20:58:24 UTC 2026
